build-ios	Set up job	∩╗┐2026-02-06T08:19:41.9782920Z Current runner version: '2.331.0'
build-ios	Set up job	2026-02-06T08:19:41.9821470Z ##[group]Runner Image Provisioner
build-ios	Set up job	2026-02-06T08:19:41.9823900Z Hosted Compute Agent
build-ios	Set up job	2026-02-06T08:19:41.9824480Z Version: 20260123.484
build-ios	Set up job	2026-02-06T08:19:41.9825170Z Commit: 6bd6555ca37d84114959e1c76d2c01448ff61c5d
build-ios	Set up job	2026-02-06T08:19:41.9825720Z Build Date: 2026-01-23T19:41:17Z
build-ios	Set up job	2026-02-06T08:19:41.9826420Z Worker ID: {02a60325-ccc7-4d33-a82e-1a700058e427}
build-ios	Set up job	2026-02-06T08:19:41.9827010Z Azure Region: westus
build-ios	Set up job	2026-02-06T08:19:41.9827430Z ##[endgroup]
build-ios	Set up job	2026-02-06T08:19:41.9828810Z ##[group]Operating System
build-ios	Set up job	2026-02-06T08:19:41.9829340Z macOS
build-ios	Set up job	2026-02-06T08:19:41.9829670Z 15.7.3
build-ios	Set up job	2026-02-06T08:19:41.9830040Z 24G419
build-ios	Set up job	2026-02-06T08:19:41.9830410Z ##[endgroup]
build-ios	Set up job	2026-02-06T08:19:41.9830840Z ##[group]Runner Image
build-ios	Set up job	2026-02-06T08:19:41.9831320Z Image: macos-15-arm64
build-ios	Set up job	2026-02-06T08:19:41.9831740Z Version: 20260127.0129.1
build-ios	Set up job	2026-02-06T08:19:41.9832510Z Included Software: https://github.com/actions/runner-images/blob/macos-15-arm64/20260127.0129/images/macos/macos-15-arm64-Readme.md
build-ios	Set up job	2026-02-06T08:19:41.9835810Z Image Release: https://github.com/actions/runner-images/releases/tag/macos-15-arm64%2F20260127.0129
build-ios	Set up job	2026-02-06T08:19:41.9840170Z ##[endgroup]
build-ios	Set up job	2026-02-06T08:19:41.9842590Z ##[group]GITHUB_TOKEN Permissions
build-ios	Set up job	2026-02-06T08:19:41.9850740Z Contents: read
build-ios	Set up job	2026-02-06T08:19:41.9851720Z Metadata: read
build-ios	Set up job	2026-02-06T08:19:41.9852200Z Packages: read
build-ios	Set up job	2026-02-06T08:19:41.9852680Z ##[endgroup]
build-ios	Set up job	2026-02-06T08:19:41.9854940Z Secret source: Actions
build-ios	Set up job	2026-02-06T08:19:41.9856570Z Prepare workflow directory
build-ios	Set up job	2026-02-06T08:19:42.0289110Z Prepare all required actions
build-ios	Set up job	2026-02-06T08:19:42.0326770Z Getting action download info
build-ios	Set up job	2026-02-06T08:19:42.2819810Z Download action repository 'actions/checkout@v4' (SHA:34e114876b0b11c390a56381ad16ebd13914f8d5)
build-ios	Set up job	2026-02-06T08:19:42.5955360Z Download action repository 'actions/setup-dotnet@v5' (SHA:baa11fbfe1d6520db94683bd5c7a3818018e4309)
build-ios	Set up job	2026-02-06T08:19:43.0141180Z Download action repository 'actions/upload-artifact@v6' (SHA:b7c566a772e6b6bfb58ed0dc250532a479d7789f)
build-ios	Set up job	2026-02-06T08:19:43.2697660Z Complete job name: build-ios
build-ios	Run actions/checkout@v4	∩╗┐2026-02-06T08:19:43.3659570Z ##[group]Run actions/checkout@v4
build-ios	Run actions/checkout@v4	2026-02-06T08:19:43.3660350Z with:
build-ios	Run actions/checkout@v4	2026-02-06T08:19:43.3660790Z   repository: DTMBX/Evident
build-ios	Run actions/checkout@v4	2026-02-06T08:19:43.3661560Z   token: ***
build-ios	Run actions/checkout@v4	2026-02-06T08:19:43.3661860Z   ssh-strict: true
build-ios	Run actions/checkout@v4	2026-02-06T08:19:43.3662160Z   ssh-user: git
build-ios	Run actions/checkout@v4	2026-02-06T08:19:43.3662440Z   persist-credentials: true
build-ios	Run actions/checkout@v4	2026-02-06T08:19:43.3662760Z   clean: true
build-ios	Run actions/checkout@v4	2026-02-06T08:19:43.3663040Z   sparse-checkout-cone-mode: true
build-ios	Run actions/checkout@v4	2026-02-06T08:19:43.3663430Z   fetch-depth: 1
build-ios	Run actions/checkout@v4	2026-02-06T08:19:43.3663710Z   fetch-tags: false
build-ios	Run actions/checkout@v4	2026-02-06T08:19:43.3664000Z   show-progress: true
build-ios	Run actions/checkout@v4	2026-02-06T08:19:43.3664290Z   lfs: false
build-ios	Run actions/checkout@v4	2026-02-06T08:19:43.3664560Z   submodules: false
build-ios	Run actions/checkout@v4	2026-02-06T08:19:43.3664850Z   set-safe-directory: true
build-ios	Run actions/checkout@v4	2026-02-06T08:19:43.3665350Z ##[endgroup]
build-ios	Run actions/checkout@v4	2026-02-06T08:19:43.7793660Z Syncing repository: DTMBX/Evident
build-ios	Run actions/checkout@v4	2026-02-06T08:19:43.7806740Z ##[group]Getting Git version info
build-ios	Run actions/checkout@v4	2026-02-06T08:19:43.7807600Z Working directory is '/Users/runner/work/Evident/Evident'
build-ios	Run actions/checkout@v4	2026-02-06T08:19:43.7808710Z [command]/opt/homebrew/bin/git version
build-ios	Run actions/checkout@v4	2026-02-06T08:19:43.8378180Z git version 2.52.0
build-ios	Run actions/checkout@v4	2026-02-06T08:19:43.8403760Z ##[endgroup]
build-ios	Run actions/checkout@v4	2026-02-06T08:19:43.8410320Z Copying '/Users/runner/.gitconfig' to '/Users/runner/work/_temp/fc50d5c5-f4f5-4873-abf4-9104533cca7f/.gitconfig'
build-ios	Run actions/checkout@v4	2026-02-06T08:19:43.8417350Z Temporarily overriding HOME='/Users/runner/work/_temp/fc50d5c5-f4f5-4873-abf4-9104533cca7f' before making global git config changes
build-ios	Run actions/checkout@v4	2026-02-06T08:19:43.8418360Z Adding repository directory to the temporary git global config as a safe directory
build-ios	Run actions/checkout@v4	2026-02-06T08:19:43.8421330Z [command]/opt/homebrew/bin/git config --global --add safe.directory /Users/runner/work/Evident/Evident
build-ios	Run actions/checkout@v4	2026-02-06T08:19:43.9137920Z Deleting the contents of '/Users/runner/work/Evident/Evident'
build-ios	Run actions/checkout@v4	2026-02-06T08:19:43.9142030Z ##[group]Initializing the repository
build-ios	Run actions/checkout@v4	2026-02-06T08:19:43.9749540Z [command]/opt/homebrew/bin/git init /Users/runner/work/Evident/Evident
build-ios	Run actions/checkout@v4	2026-02-06T08:19:44.2405790Z hint: Using 'master' as the name for the initial branch. This default branch name
build-ios	Run actions/checkout@v4	2026-02-06T08:19:44.3742440Z hint: will change to "main" in Git 3.0. To configure the initial branch name
build-ios	Run actions/checkout@v4	2026-02-06T08:19:44.3746130Z hint: to use in all of your new repositories, which will suppress this warning,
build-ios	Run actions/checkout@v4	2026-02-06T08:19:44.3886400Z hint: call:
build-ios	Run actions/checkout@v4	2026-02-06T08:19:44.3989980Z hint:
build-ios	Run actions/checkout@v4	2026-02-06T08:19:44.4155780Z hint: 	git config --global init.defaultBranch <name>
build-ios	Run actions/checkout@v4	2026-02-06T08:19:44.4868140Z hint:
build-ios	Run actions/checkout@v4	2026-02-06T08:19:44.4972230Z hint: Names commonly chosen instead of 'master' are 'main', 'trunk' and
build-ios	Run actions/checkout@v4	2026-02-06T08:19:44.5112640Z hint: 'development'. The just-created branch can be renamed via this command:
build-ios	Run actions/checkout@v4	2026-02-06T08:19:44.5113890Z hint:
build-ios	Run actions/checkout@v4	2026-02-06T08:19:44.5114920Z hint: 	git branch -m <name>
build-ios	Run actions/checkout@v4	2026-02-06T08:19:44.5115500Z hint:
build-ios	Run actions/checkout@v4	2026-02-06T08:19:44.5116310Z hint: Disable this message with "git config set advice.defaultBranchName false"
build-ios	Run actions/checkout@v4	2026-02-06T08:19:44.5117590Z Initialized empty Git repository in /Users/runner/work/Evident/Evident/.git/
build-ios	Run actions/checkout@v4	2026-02-06T08:19:44.5120040Z [command]/opt/homebrew/bin/git remote add origin https://github.com/DTMBX/Evident
build-ios	Run actions/checkout@v4	2026-02-06T08:19:44.5121570Z ##[endgroup]
build-ios	Run actions/checkout@v4	2026-02-06T08:19:44.5122290Z ##[group]Disabling automatic garbage collection
build-ios	Run actions/checkout@v4	2026-02-06T08:19:44.5122980Z [command]/opt/homebrew/bin/git config --local gc.auto 0
build-ios	Run actions/checkout@v4	2026-02-06T08:19:44.5124140Z ##[endgroup]
build-ios	Run actions/checkout@v4	2026-02-06T08:19:44.5124650Z ##[group]Setting up auth
build-ios	Run actions/checkout@v4	2026-02-06T08:19:44.5125240Z [command]/opt/homebrew/bin/git config --local --name-only --get-regexp core\.sshCommand
build-ios	Run actions/checkout@v4	2026-02-06T08:19:44.5127270Z [command]/opt/homebrew/bin/git submodule foreach --recursive sh -c "git config --local --name-only --get-regexp 'core\.sshCommand' && git config --local --unset-all 'core.sshCommand' || :"
build-ios	Run actions/checkout@v4	2026-02-06T08:19:44.5588040Z [command]/opt/homebrew/bin/git config --local --name-only --get-regexp http\.https\:\/\/github\.com\/\.extraheader
build-ios	Run actions/checkout@v4	2026-02-06T08:19:44.5684580Z [command]/opt/homebrew/bin/git submodule foreach --recursive sh -c "git config --local --name-only --get-regexp 'http\.https\:\/\/github\.com\/\.extraheader' && git config --local --unset-all 'http.https://github.com/.extraheader' || :"
build-ios	Run actions/checkout@v4	2026-02-06T08:19:44.7547460Z [command]/opt/homebrew/bin/git config --local --name-only --get-regexp ^includeIf\.gitdir:
build-ios	Run actions/checkout@v4	2026-02-06T08:19:44.7549960Z [command]/opt/homebrew/bin/git submodule foreach --recursive git config --local --show-origin --name-only --get-regexp remote.origin.url
build-ios	Run actions/checkout@v4	2026-02-06T08:19:44.8570600Z [command]/opt/homebrew/bin/git config --local http.https://github.com/.extraheader AUTHORIZATION: basic ***
build-ios	Run actions/checkout@v4	2026-02-06T08:19:44.8637560Z ##[endgroup]
build-ios	Run actions/checkout@v4	2026-02-06T08:19:44.8638470Z ##[group]Fetching the repository
build-ios	Run actions/checkout@v4	2026-02-06T08:19:44.8643340Z [command]/opt/homebrew/bin/git -c protocol.version=2 fetch --no-tags --prune --no-recurse-submodules --depth=1 origin +bbeada95ef0a7344f7349f8743d759b9ada250d2:refs/remotes/pull/50/merge
build-ios	Run actions/checkout@v4	2026-02-06T08:19:45.7584620Z From https://github.com/DTMBX/Evident
build-ios	Run actions/checkout@v4	2026-02-06T08:19:45.7607830Z  * [new ref]         bbeada95ef0a7344f7349f8743d759b9ada250d2 -> pull/50/merge
build-ios	Run actions/checkout@v4	2026-02-06T08:19:45.7778370Z ##[endgroup]
build-ios	Run actions/checkout@v4	2026-02-06T08:19:45.7779950Z ##[group]Determining the checkout info
build-ios	Run actions/checkout@v4	2026-02-06T08:19:45.7781420Z ##[endgroup]
build-ios	Run actions/checkout@v4	2026-02-06T08:19:45.7791240Z [command]/opt/homebrew/bin/git sparse-checkout disable
build-ios	Run actions/checkout@v4	2026-02-06T08:19:45.7976310Z [command]/opt/homebrew/bin/git config --local --unset-all extensions.worktreeConfig
build-ios	Run actions/checkout@v4	2026-02-06T08:19:45.8073430Z ##[group]Checking out the ref
build-ios	Run actions/checkout@v4	2026-02-06T08:19:45.8075580Z [command]/opt/homebrew/bin/git checkout --progress --force refs/remotes/pull/50/merge
build-ios	Run actions/checkout@v4	2026-02-06T08:19:46.2922520Z HEAD is now at bbeada9 Merge 260b103ed4ea1cc1020523374aa2b3ab740d30a9 into 030d9cd9e4a66472903de89748644294da6a8552
build-ios	Run actions/checkout@v4	2026-02-06T08:19:46.3237930Z ##[endgroup]
build-ios	Run actions/checkout@v4	2026-02-06T08:19:46.3385450Z [command]/opt/homebrew/bin/git log -1 --format=%H
build-ios	Run actions/checkout@v4	2026-02-06T08:19:46.3386100Z bbeada95ef0a7344f7349f8743d759b9ada250d2
build-ios	Setup .NET	∩╗┐2026-02-06T08:19:46.3681280Z ##[group]Run actions/setup-dotnet@v5
build-ios	Setup .NET	2026-02-06T08:19:46.3681660Z with:
build-ios	Setup .NET	2026-02-06T08:19:46.3682320Z   dotnet-version: 10.0.x
build-ios	Setup .NET	2026-02-06T08:19:46.3682570Z   cache: false
build-ios	Setup .NET	2026-02-06T08:19:46.3682810Z ##[endgroup]
build-ios	Setup .NET	2026-02-06T08:19:46.9495280Z [command]/Users/runner/work/_actions/actions/setup-dotnet/v5/externals/install-dotnet.sh --skip-non-versioned-files --runtime dotnet --channel LTS
build-ios	Setup .NET	2026-02-06T08:19:47.4953190Z dotnet-install: .NET Core Runtime with version '10.0.2' is already installed.
build-ios	Setup .NET	2026-02-06T08:19:47.5056500Z [command]/Users/runner/work/_actions/actions/setup-dotnet/v5/externals/install-dotnet.sh --skip-non-versioned-files --channel 10.0
build-ios	Setup .NET	2026-02-06T08:19:48.0658310Z dotnet-install: .NET Core SDK with version '10.0.102' is already installed.
build-ios	Install MAUI workload	∩╗┐2026-02-06T08:19:48.1192170Z ##[group]Run dotnet workload install maui
build-ios	Install MAUI workload	2026-02-06T08:19:48.1192760Z [36;1mdotnet workload install maui[0m
build-ios	Install MAUI workload	2026-02-06T08:19:48.1616170Z shell: /bin/bash -e {0}
build-ios	Install MAUI workload	2026-02-06T08:19:48.1616410Z env:
build-ios	Install MAUI workload	2026-02-06T08:19:48.1616720Z   DOTNET_ROOT: /Users/runner/.dotnet
build-ios	Install MAUI workload	2026-02-06T08:19:48.1616990Z ##[endgroup]
build-ios	Install MAUI workload	2026-02-06T08:19:50.2896860Z 
build-ios	Install MAUI workload	2026-02-06T08:19:50.2918980Z Checking for updated workload version.
build-ios	Install MAUI workload	2026-02-06T08:19:50.9817900Z Skipping NuGet package signature verification.
build-ios	Install MAUI workload	2026-02-06T08:19:50.9956930Z Installing workload version 10.0.102.
build-ios	Install MAUI workload	2026-02-06T08:19:51.1079050Z Installing workload manifest microsoft.net.workload.emscripten.current version 10.0.102...
build-ios	Install MAUI workload	2026-02-06T08:19:51.1896520Z Installing workload manifest microsoft.net.workload.emscripten.net6 version 10.0.102...
build-ios	Install MAUI workload	2026-02-06T08:19:51.2667890Z Installing workload manifest microsoft.net.workload.emscripten.net7 version 10.0.102...
build-ios	Install MAUI workload	2026-02-06T08:19:51.3535430Z Installing workload manifest microsoft.net.workload.emscripten.net8 version 10.0.102...
build-ios	Install MAUI workload	2026-02-06T08:19:51.4434740Z Installing workload manifest microsoft.net.workload.emscripten.net9 version 10.0.102...
build-ios	Install MAUI workload	2026-02-06T08:19:51.5486320Z Installing workload manifest microsoft.net.sdk.android version 36.1.12...
build-ios	Install MAUI workload	2026-02-06T08:19:51.7224460Z Installing workload manifest microsoft.net.sdk.ios version 26.2.10191...
build-ios	Install MAUI workload	2026-02-06T08:19:51.8045370Z Installing workload manifest microsoft.net.sdk.maccatalyst version 26.2.10191...
build-ios	Install MAUI workload	2026-02-06T08:19:51.9017310Z Installing workload manifest microsoft.net.sdk.macos version 26.2.10191...
build-ios	Install MAUI workload	2026-02-06T08:19:51.9914680Z Installing workload manifest microsoft.net.sdk.maui version 10.0.1...
build-ios	Install MAUI workload	2026-02-06T08:19:52.1159520Z Installing workload manifest microsoft.net.sdk.tvos version 26.2.10191...
build-ios	Install MAUI workload	2026-02-06T08:19:52.1943370Z Installing workload manifest microsoft.net.workload.mono.toolchain.current version 10.0.102...
build-ios	Install MAUI workload	2026-02-06T08:19:52.3102180Z Installing workload manifest microsoft.net.workload.mono.toolchain.net6 version 10.0.102...
build-ios	Install MAUI workload	2026-02-06T08:19:52.6671070Z Installing workload manifest microsoft.net.workload.mono.toolchain.net7 version 10.0.102...
build-ios	Install MAUI workload	2026-02-06T08:19:52.7525690Z Installing workload manifest microsoft.net.workload.mono.toolchain.net8 version 10.0.102...
build-ios	Install MAUI workload	2026-02-06T08:19:52.8375860Z Installing workload manifest microsoft.net.workload.mono.toolchain.net9 version 10.0.102...
build-ios	Install MAUI workload	2026-02-06T08:20:06.7470040Z Installing pack Microsoft.AspNetCore.Components.WebView.Maui version 10.0.1...
build-ios	Install MAUI workload	2026-02-06T08:20:06.7503030Z Writing workload pack installation record for Microsoft.AspNetCore.Components.WebView.Maui version 10.0.1...
build-ios	Install MAUI workload	2026-02-06T08:20:06.8281190Z Installing pack Microsoft.Maui.Sdk version 10.0.1...
build-ios	Install MAUI workload	2026-02-06T08:20:06.8423650Z Writing workload pack installation record for Microsoft.Maui.Sdk version 10.0.1...
build-ios	Install MAUI workload	2026-02-06T08:20:06.8532030Z Installing pack Microsoft.Maui.Sdk version 9.0.120...
build-ios	Install MAUI workload	2026-02-06T08:20:06.8637380Z Writing workload pack installation record for Microsoft.Maui.Sdk version 9.0.120...
build-ios	Install MAUI workload	2026-02-06T08:20:06.8740980Z Installing pack Microsoft.Maui.Graphics version 10.0.1...
build-ios	Install MAUI workload	2026-02-06T08:20:06.8856530Z Writing workload pack installation record for Microsoft.Maui.Graphics version 10.0.1...
build-ios	Install MAUI workload	2026-02-06T08:20:06.8915630Z Installing pack Microsoft.Maui.Resizetizer version 10.0.1...
build-ios	Install MAUI workload	2026-02-06T08:20:06.9172560Z Writing workload pack installation record for Microsoft.Maui.Resizetizer version 10.0.1...
build-ios	Install MAUI workload	2026-02-06T08:20:06.9595980Z Installing pack Microsoft.Maui.Templates.net10 version 10.0.1...
build-ios	Install MAUI workload	2026-02-06T08:20:06.9599790Z Writing workload pack installation record for Microsoft.Maui.Templates.net10 version 10.0.1...
build-ios	Install MAUI workload	2026-02-06T08:20:06.9619590Z Installing pack Microsoft.Maui.Templates.net9 version 9.0.120...
build-ios	Install MAUI workload	2026-02-06T08:20:06.9621480Z Writing workload pack installation record for Microsoft.Maui.Templates.net9 version 9.0.120...
build-ios	Install MAUI workload	2026-02-06T08:20:06.9622130Z Installing pack Microsoft.Maui.Core version 10.0.1...
build-ios	Install MAUI workload	2026-02-06T08:20:06.9623140Z Writing workload pack installation record for Microsoft.Maui.Core version 10.0.1...
build-ios	Install MAUI workload	2026-02-06T08:20:06.9637640Z Installing pack Microsoft.Maui.Controls version 10.0.1...
build-ios	Install MAUI workload	2026-02-06T08:20:06.9648570Z Writing workload pack installation record for Microsoft.Maui.Controls version 10.0.1...
build-ios	Install MAUI workload	2026-02-06T08:20:06.9650510Z Installing pack Microsoft.Maui.Controls.Build.Tasks version 10.0.1...
build-ios	Install MAUI workload	2026-02-06T08:20:06.9651180Z Writing workload pack installation record for Microsoft.Maui.Controls.Build.Tasks version 10.0.1...
build-ios	Install MAUI workload	2026-02-06T08:20:06.9658480Z Installing pack Microsoft.Maui.Controls.Core version 10.0.1...
build-ios	Install MAUI workload	2026-02-06T08:20:06.9659120Z Writing workload pack installation record for Microsoft.Maui.Controls.Core version 10.0.1...
build-ios	Install MAUI workload	2026-02-06T08:20:06.9676430Z Installing pack Microsoft.Maui.Controls.Xaml version 10.0.1...
build-ios	Install MAUI workload	2026-02-06T08:20:06.9677160Z Writing workload pack installation record for Microsoft.Maui.Controls.Xaml version 10.0.1...
build-ios	Install MAUI workload	2026-02-06T08:20:06.9678980Z Installing pack Microsoft.Maui.Essentials version 10.0.1...
build-ios	Install MAUI workload	2026-02-06T08:20:06.9681070Z Writing workload pack installation record for Microsoft.Maui.Essentials version 10.0.1...
build-ios	Install MAUI workload	2026-02-06T08:20:06.9683520Z Installing pack Microsoft.Android.Sdk.Darwin version 36.1.12...
build-ios	Install MAUI workload	2026-02-06T08:20:13.4573440Z Writing workload pack installation record for Microsoft.Android.Sdk.Darwin version 36.1.12...
build-ios	Install MAUI workload	2026-02-06T08:20:13.4676010Z Installing pack Microsoft.NETCore.App.Runtime.Mono.android-x86 version 9.0.12...
build-ios	Install MAUI workload	2026-02-06T08:20:13.9648400Z Writing workload pack installation record for Microsoft.NETCore.App.Runtime.Mono.android-x86 version 9.0.12...
build-ios	Install MAUI workload	2026-02-06T08:20:13.9649980Z Installing pack Microsoft.NETCore.App.Runtime.AOT.osx-arm64.Cross.iossimulator-arm64 version 10.0.2...
build-ios	Install MAUI workload	2026-02-06T08:20:15.0537600Z Writing workload pack installation record for Microsoft.NETCore.App.Runtime.AOT.osx-arm64.Cross.iossimulator-arm64 version 10.0.2...
build-ios	Install MAUI workload	2026-02-06T08:20:15.0641580Z Installing pack Microsoft.Android.Sdk.Darwin version 35.0.105...
build-ios	Install MAUI workload	2026-02-06T08:20:17.8867460Z Writing workload pack installation record for Microsoft.Android.Sdk.Darwin version 35.0.105...
build-ios	Install MAUI workload	2026-02-06T08:20:17.8940880Z Installing pack Microsoft.NET.Runtime.MonoAOTCompiler.Task version 9.0.12...
build-ios	Install MAUI workload	2026-02-06T08:20:18.0628690Z Writing workload pack installation record for Microsoft.NET.Runtime.MonoAOTCompiler.Task version 9.0.12...
build-ios	Install MAUI workload	2026-02-06T08:20:18.0635140Z Installing pack Microsoft.NETCore.App.Runtime.AOT.osx-arm64.Cross.iossimulator-x64 version 10.0.2...
build-ios	Install MAUI workload	2026-02-06T08:20:19.1691470Z Writing workload pack installation record for Microsoft.NETCore.App.Runtime.AOT.osx-arm64.Cross.iossimulator-x64 version 10.0.2...
build-ios	Install MAUI workload	2026-02-06T08:20:19.1794640Z Installing pack Microsoft.Android.Ref.36 version 36.1.12...
build-ios	Install MAUI workload	2026-02-06T08:20:19.5984090Z Writing workload pack installation record for Microsoft.Android.Ref.36 version 36.1.12...
build-ios	Install MAUI workload	2026-02-06T08:20:19.5993410Z Installing pack Microsoft.NET.Runtime.MonoTargets.Sdk version 9.0.12...
build-ios	Install MAUI workload	2026-02-06T08:20:19.6331200Z Writing workload pack installation record for Microsoft.NET.Runtime.MonoTargets.Sdk version 9.0.12...
build-ios	Install MAUI workload	2026-02-06T08:20:19.6333480Z Installing pack Microsoft.NETCore.App.Runtime.Mono.ios-arm64 version 10.0.2...
build-ios	Install MAUI workload	2026-02-06T08:20:20.0872760Z Writing workload pack installation record for Microsoft.NETCore.App.Runtime.Mono.ios-arm64 version 10.0.2...
build-ios	Install MAUI workload	2026-02-06T08:20:20.0897310Z Installing pack Microsoft.Android.Runtime.36.android version 36.1.12...
build-ios	Install MAUI workload	2026-02-06T08:20:20.2534990Z Writing workload pack installation record for Microsoft.Android.Runtime.36.android version 36.1.12...
build-ios	Install MAUI workload	2026-02-06T08:20:20.2634220Z Installing pack Microsoft.NETCore.App.Runtime.AOT.osx-arm64.Cross.android-x86 version 9.0.12...
build-ios	Install MAUI workload	2026-02-06T08:20:21.1855180Z Writing workload pack installation record for Microsoft.NETCore.App.Runtime.AOT.osx-arm64.Cross.android-x86 version 9.0.12...
build-ios	Install MAUI workload	2026-02-06T08:20:21.1858630Z Installing pack Microsoft.NETCore.App.Runtime.Mono.iossimulator-arm64 version 10.0.2...
build-ios	Install MAUI workload	2026-02-06T08:20:21.5299640Z Writing workload pack installation record for Microsoft.NETCore.App.Runtime.Mono.iossimulator-arm64 version 10.0.2...
build-ios	Install MAUI workload	2026-02-06T08:20:21.5309250Z Installing pack Microsoft.Android.Runtime.Mono.36.android-arm version 36.1.12...
build-ios	Install MAUI workload	2026-02-06T08:20:21.5978130Z Writing workload pack installation record for Microsoft.Android.Runtime.Mono.36.android-arm version 36.1.12...
build-ios	Install MAUI workload	2026-02-06T08:20:21.5980650Z Installing pack Microsoft.NETCore.App.Runtime.AOT.osx-arm64.Cross.android-x64 version 9.0.12...
build-ios	Install MAUI workload	2026-02-06T08:20:22.3103560Z Writing workload pack installation record for Microsoft.NETCore.App.Runtime.AOT.osx-arm64.Cross.android-x64 version 9.0.12...
build-ios	Install MAUI workload	2026-02-06T08:20:22.3108270Z Installing pack Microsoft.NETCore.App.Runtime.Mono.iossimulator-x64 version 10.0.2...
build-ios	Install MAUI workload	2026-02-06T08:20:22.6850800Z Writing workload pack installation record for Microsoft.NETCore.App.Runtime.Mono.iossimulator-x64 version 10.0.2...
build-ios	Install MAUI workload	2026-02-06T08:20:22.6886120Z Installing pack Microsoft.Android.Runtime.Mono.36.android-arm64 version 36.1.12...
build-ios	Install MAUI workload	2026-02-06T08:20:22.7580770Z Writing workload pack installation record for Microsoft.Android.Runtime.Mono.36.android-arm64 version 36.1.12...
build-ios	Install MAUI workload	2026-02-06T08:20:22.7600720Z Installing pack Microsoft.NETCore.App.Runtime.AOT.osx-arm64.Cross.android-arm version 9.0.12...
build-ios	Install MAUI workload	2026-02-06T08:20:23.6176800Z Writing workload pack installation record for Microsoft.NETCore.App.Runtime.AOT.osx-arm64.Cross.android-arm version 9.0.12...
build-ios	Install MAUI workload	2026-02-06T08:20:23.6279140Z Installing pack Microsoft.NETCore.App.Runtime.AOT.osx-arm64.Cross.ios-arm64 version 9.0.12...
build-ios	Install MAUI workload	2026-02-06T08:20:24.3801330Z Writing workload pack installation record for Microsoft.NETCore.App.Runtime.AOT.osx-arm64.Cross.ios-arm64 version 9.0.12...
build-ios	Install MAUI workload	2026-02-06T08:20:24.3904160Z Installing pack Microsoft.Android.Runtime.Mono.36.android-x86 version 36.1.12...
build-ios	Install MAUI workload	2026-02-06T08:20:24.4283040Z Writing workload pack installation record for Microsoft.Android.Runtime.Mono.36.android-x86 version 36.1.12...
build-ios	Install MAUI workload	2026-02-06T08:20:24.4291950Z Installing pack Microsoft.NETCore.App.Runtime.AOT.osx-arm64.Cross.android-arm64 version 9.0.12...
build-ios	Install MAUI workload	2026-02-06T08:20:25.1581480Z Writing workload pack installation record for Microsoft.NETCore.App.Runtime.AOT.osx-arm64.Cross.android-arm64 version 9.0.12...
build-ios	Install MAUI workload	2026-02-06T08:20:25.1583000Z Installing pack Microsoft.NETCore.App.Runtime.AOT.osx-arm64.Cross.iossimulator-arm64 version 9.0.12...
build-ios	Install MAUI workload	2026-02-06T08:20:25.8141350Z Writing workload pack installation record for Microsoft.NETCore.App.Runtime.AOT.osx-arm64.Cross.iossimulator-arm64 version 9.0.12...
build-ios	Install MAUI workload	2026-02-06T08:20:25.8244350Z Installing pack Microsoft.Android.Runtime.Mono.36.android-x64 version 36.1.12...
build-ios	Install MAUI workload	2026-02-06T08:20:25.8793880Z Writing workload pack installation record for Microsoft.Android.Runtime.Mono.36.android-x64 version 36.1.12...
build-ios	Install MAUI workload	2026-02-06T08:20:25.8797420Z Installing pack Microsoft.NETCore.App.Runtime.Mono.android-arm version 10.0.2...
build-ios	Install MAUI workload	2026-02-06T08:20:26.2819370Z Writing workload pack installation record for Microsoft.NETCore.App.Runtime.Mono.android-arm version 10.0.2...
build-ios	Install MAUI workload	2026-02-06T08:20:26.2832700Z Installing pack Microsoft.NETCore.App.Runtime.AOT.osx-arm64.Cross.iossimulator-x64 version 9.0.12...
build-ios	Install MAUI workload	2026-02-06T08:20:27.1698320Z Writing workload pack installation record for Microsoft.NETCore.App.Runtime.AOT.osx-arm64.Cross.iossimulator-x64 version 9.0.12...
build-ios	Install MAUI workload	2026-02-06T08:20:27.1806800Z Installing pack Microsoft.Android.Runtime.CoreCLR.36.android-arm64 version 36.1.12...
build-ios	Install MAUI workload	2026-02-06T08:20:27.3664150Z Writing workload pack installation record for Microsoft.Android.Runtime.CoreCLR.36.android-arm64 version 36.1.12...
build-ios	Install MAUI workload	2026-02-06T08:20:27.3770160Z Installing pack Microsoft.NETCore.App.Runtime.Mono.android-arm64 version 10.0.2...
build-ios	Install MAUI workload	2026-02-06T08:20:27.8064480Z Writing workload pack installation record for Microsoft.NETCore.App.Runtime.Mono.android-arm64 version 10.0.2...
build-ios	Install MAUI workload	2026-02-06T08:20:27.8067490Z Installing pack Microsoft.NETCore.App.Runtime.Mono.ios-arm64 version 9.0.12...
build-ios	Install MAUI workload	2026-02-06T08:20:28.2103570Z Writing workload pack installation record for Microsoft.NETCore.App.Runtime.Mono.ios-arm64 version 9.0.12...
build-ios	Install MAUI workload	2026-02-06T08:20:28.2224420Z Installing pack Microsoft.Android.Runtime.CoreCLR.36.android-x64 version 36.1.12...
build-ios	Install MAUI workload	2026-02-06T08:20:28.3959800Z Writing workload pack installation record for Microsoft.Android.Runtime.CoreCLR.36.android-x64 version 36.1.12...
build-ios	Install MAUI workload	2026-02-06T08:20:28.3994100Z Installing pack Microsoft.NETCore.App.Runtime.Mono.android-x64 version 10.0.2...
build-ios	Install MAUI workload	2026-02-06T08:20:28.8932050Z Writing workload pack installation record for Microsoft.NETCore.App.Runtime.Mono.android-x64 version 10.0.2...
build-ios	Install MAUI workload	2026-02-06T08:20:28.8944780Z Installing pack Microsoft.NETCore.App.Runtime.Mono.iossimulator-arm64 version 9.0.12...
build-ios	Install MAUI workload	2026-02-06T08:20:29.8208890Z Writing workload pack installation record for Microsoft.NETCore.App.Runtime.Mono.iossimulator-arm64 version 9.0.12...
build-ios	Install MAUI workload	2026-02-06T08:20:29.8211500Z Installing pack Microsoft.Android.Runtime.NativeAOT.36.android-arm64 version 36.1.12...
build-ios	Install MAUI workload	2026-02-06T08:20:29.8543270Z Writing workload pack installation record for Microsoft.Android.Runtime.NativeAOT.36.android-arm64 version 36.1.12...
build-ios	Install MAUI workload	2026-02-06T08:20:29.8546640Z Installing pack Microsoft.NETCore.App.Runtime.Mono.android-x86 version 10.0.2...
build-ios	Install MAUI workload	2026-02-06T08:20:30.2932450Z Writing workload pack installation record for Microsoft.NETCore.App.Runtime.Mono.android-x86 version 10.0.2...
build-ios	Install MAUI workload	2026-02-06T08:20:30.2941750Z Installing pack Microsoft.NETCore.App.Runtime.Mono.iossimulator-x64 version 9.0.12...
build-ios	Install MAUI workload	2026-02-06T08:20:31.0169220Z Writing workload pack installation record for Microsoft.NETCore.App.Runtime.Mono.iossimulator-x64 version 9.0.12...
build-ios	Install MAUI workload	2026-02-06T08:20:31.0236350Z Installing pack Microsoft.Android.Runtime.NativeAOT.36.android-x64 version 36.1.12...
build-ios	Install MAUI workload	2026-02-06T08:20:31.0612360Z Writing workload pack installation record for Microsoft.Android.Runtime.NativeAOT.36.android-x64 version 36.1.12...
build-ios	Install MAUI workload	2026-02-06T08:20:31.0616880Z Installing pack Microsoft.NET.Runtime.MonoAOTCompiler.Task version 10.0.2...
build-ios	Install MAUI workload	2026-02-06T08:20:31.0721460Z Writing workload pack installation record for Microsoft.NET.Runtime.MonoAOTCompiler.Task version 10.0.2...
build-ios	Install MAUI workload	2026-02-06T08:20:31.0729490Z Installing pack Microsoft.MacCatalyst.Sdk.net10.0_26.2 version 26.2.10191...
build-ios	Install MAUI workload	2026-02-06T08:20:31.3780110Z Writing workload pack installation record for Microsoft.MacCatalyst.Sdk.net10.0_26.2 version 26.2.10191...
build-ios	Install MAUI workload	2026-02-06T08:20:31.3832310Z Installing pack Microsoft.Android.Templates version 36.1.12...
build-ios	Install MAUI workload	2026-02-06T08:20:31.3842720Z Writing workload pack installation record for Microsoft.Android.Templates version 36.1.12...
build-ios	Install MAUI workload	2026-02-06T08:20:31.3844170Z Installing pack Microsoft.NET.Runtime.MonoTargets.Sdk version 10.0.2...
build-ios	Install MAUI workload	2026-02-06T08:20:31.3937950Z Writing workload pack installation record for Microsoft.NET.Runtime.MonoTargets.Sdk version 10.0.2...
build-ios	Install MAUI workload	2026-02-06T08:20:31.3940480Z Installing pack Microsoft.MacCatalyst.Sdk.net9.0_18.0 version 18.0.9617...
build-ios	Install MAUI workload	2026-02-06T08:20:31.5375980Z Writing workload pack installation record for Microsoft.MacCatalyst.Sdk.net9.0_18.0 version 18.0.9617...
build-ios	Install MAUI workload	2026-02-06T08:20:31.5380900Z Installing pack Microsoft.NETCore.App.Runtime.Mono.android-arm version 9.0.12...
build-ios	Install MAUI workload	2026-02-06T08:20:31.9526940Z Writing workload pack installation record for Microsoft.NETCore.App.Runtime.Mono.android-arm version 9.0.12...
build-ios	Install MAUI workload	2026-02-06T08:20:31.9530230Z Installing pack Microsoft.NETCore.App.Runtime.AOT.osx-arm64.Cross.android-x86 version 10.0.2...
build-ios	Install MAUI workload	2026-02-06T08:20:32.9227930Z Writing workload pack installation record for Microsoft.NETCore.App.Runtime.AOT.osx-arm64.Cross.android-x86 version 10.0.2...
build-ios	Install MAUI workload	2026-02-06T08:20:32.9331940Z Installing pack Microsoft.MacCatalyst.Sdk.net9.0_26.0 version 26.0.9783...
build-ios	Install MAUI workload	2026-02-06T08:20:33.1610870Z Writing workload pack installation record for Microsoft.MacCatalyst.Sdk.net9.0_26.0 version 26.0.9783...
build-ios	Install MAUI workload	2026-02-06T08:20:33.1661870Z Installing pack Microsoft.NETCore.App.Runtime.Mono.android-arm64 version 9.0.12...
build-ios	Install MAUI workload	2026-02-06T08:20:33.5438800Z Writing workload pack installation record for Microsoft.NETCore.App.Runtime.Mono.android-arm64 version 9.0.12...
build-ios	Install MAUI workload	2026-02-06T08:20:33.5468750Z Installing pack Microsoft.NETCore.App.Runtime.AOT.osx-arm64.Cross.android-x64 version 10.0.2...
build-ios	Install MAUI workload	2026-02-06T08:20:34.3937490Z Writing workload pack installation record for Microsoft.NETCore.App.Runtime.AOT.osx-arm64.Cross.android-x64 version 10.0.2...
build-ios	Install MAUI workload	2026-02-06T08:20:34.4048660Z Installing pack Microsoft.MacCatalyst.Sdk.net10.0_26.0 version 26.0.11017...
build-ios	Install MAUI workload	2026-02-06T08:20:34.6746460Z Writing workload pack installation record for Microsoft.MacCatalyst.Sdk.net10.0_26.0 version 26.0.11017...
build-ios	Install MAUI workload	2026-02-06T08:20:34.6752870Z Installing pack Microsoft.NETCore.App.Runtime.Mono.android-x64 version 9.0.12...
build-ios	Install MAUI workload	2026-02-06T08:20:35.2403710Z Writing workload pack installation record for Microsoft.NETCore.App.Runtime.Mono.android-x64 version 9.0.12...
build-ios	Install MAUI workload	2026-02-06T08:20:35.2412510Z Installing pack Microsoft.NETCore.App.Runtime.AOT.osx-arm64.Cross.android-arm version 10.0.2...
build-ios	Install MAUI workload	2026-02-06T08:20:36.3123760Z Writing workload pack installation record for Microsoft.NETCore.App.Runtime.AOT.osx-arm64.Cross.android-arm version 10.0.2...
build-ios	Install MAUI workload	2026-02-06T08:20:36.3228210Z Installing pack Microsoft.MacCatalyst.Ref.net10.0_26.2 version 26.2.10191...
build-ios	Install MAUI workload	2026-02-06T08:20:36.5798260Z Writing workload pack installation record for Microsoft.MacCatalyst.Ref.net10.0_26.2 version 26.2.10191...
build-ios	Install MAUI workload	2026-02-06T08:20:36.5813150Z Installing pack Microsoft.NETCore.App.Runtime.AOT.osx-arm64.Cross.android-arm64 version 10.0.2...
build-ios	Install MAUI workload	2026-02-06T08:20:37.5609340Z Writing workload pack installation record for Microsoft.NETCore.App.Runtime.AOT.osx-arm64.Cross.android-arm64 version 10.0.2...
build-ios	Install MAUI workload	2026-02-06T08:20:37.5713090Z Installing pack Microsoft.MacCatalyst.Runtime.maccatalyst.net10.0_26.2 version 26.2.10191...
build-ios	Install MAUI workload	2026-02-06T08:20:37.8415490Z Writing workload pack installation record for Microsoft.MacCatalyst.Runtime.maccatalyst.net10.0_26.2 version 26.2.10191...
build-ios	Install MAUI workload	2026-02-06T08:20:37.8431880Z Installing pack Microsoft.iOS.Sdk.net10.0_26.2 version 26.2.10191...
build-ios	Install MAUI workload	2026-02-06T08:20:38.4051990Z Writing workload pack installation record for Microsoft.iOS.Sdk.net10.0_26.2 version 26.2.10191...
build-ios	Install MAUI workload	2026-02-06T08:20:38.4054280Z Installing pack Microsoft.MacCatalyst.Runtime.maccatalyst-x64.net10.0_26.2 version 26.2.10191...
build-ios	Install MAUI workload	2026-02-06T08:20:38.4412500Z Writing workload pack installation record for Microsoft.MacCatalyst.Runtime.maccatalyst-x64.net10.0_26.2 version 26.2.10191...
build-ios	Install MAUI workload	2026-02-06T08:20:38.4414170Z Installing pack Microsoft.iOS.Sdk.net9.0_18.0 version 18.0.9617...
build-ios	Install MAUI workload	2026-02-06T08:20:38.9783380Z Writing workload pack installation record for Microsoft.iOS.Sdk.net9.0_18.0 version 18.0.9617...
build-ios	Install MAUI workload	2026-02-06T08:20:38.9784840Z Installing pack Microsoft.MacCatalyst.Runtime.maccatalyst-arm64.net10.0_26.2 version 26.2.10191...
build-ios	Install MAUI workload	2026-02-06T08:20:39.0388200Z Writing workload pack installation record for Microsoft.MacCatalyst.Runtime.maccatalyst-arm64.net10.0_26.2 version 26.2.10191...
build-ios	Install MAUI workload	2026-02-06T08:20:39.0392640Z Installing pack Microsoft.iOS.Sdk.net9.0_26.0 version 26.0.9783...
build-ios	Install MAUI workload	2026-02-06T08:20:39.6355840Z Writing workload pack installation record for Microsoft.iOS.Sdk.net9.0_26.0 version 26.0.9783...
build-ios	Install MAUI workload	2026-02-06T08:20:39.6357510Z Installing pack Microsoft.MacCatalyst.Templates version 26.2.10191...
build-ios	Install MAUI workload	2026-02-06T08:20:39.6358380Z Writing workload pack installation record for Microsoft.MacCatalyst.Templates version 26.2.10191...
build-ios	Install MAUI workload	2026-02-06T08:20:39.6359110Z Installing pack Microsoft.iOS.Sdk.net10.0_26.0 version 26.0.11017...
build-ios	Install MAUI workload	2026-02-06T08:20:40.2609280Z Writing workload pack installation record for Microsoft.iOS.Sdk.net10.0_26.0 version 26.0.11017...
build-ios	Install MAUI workload	2026-02-06T08:20:40.2789120Z Installing pack Microsoft.NETCore.App.Runtime.AOT.osx-arm64.Cross.maccatalyst-arm64 version 10.0.2...
build-ios	Install MAUI workload	2026-02-06T08:20:41.0095910Z Writing workload pack installation record for Microsoft.NETCore.App.Runtime.AOT.osx-arm64.Cross.maccatalyst-arm64 version 10.0.2...
build-ios	Install MAUI workload	2026-02-06T08:20:41.0108580Z Installing pack Microsoft.iOS.Ref.net10.0_26.2 version 26.2.10191...
build-ios	Install MAUI workload	2026-02-06T08:20:41.1896940Z Writing workload pack installation record for Microsoft.iOS.Ref.net10.0_26.2 version 26.2.10191...
build-ios	Install MAUI workload	2026-02-06T08:20:41.1899260Z Installing pack Microsoft.NETCore.App.Runtime.AOT.osx-arm64.Cross.maccatalyst-x64 version 10.0.2...
build-ios	Install MAUI workload	2026-02-06T08:20:42.0536030Z Writing workload pack installation record for Microsoft.NETCore.App.Runtime.AOT.osx-arm64.Cross.maccatalyst-x64 version 10.0.2...
build-ios	Install MAUI workload	2026-02-06T08:20:42.0639050Z Installing pack Microsoft.iOS.Runtime.ios.net10.0_26.2 version 26.2.10191...
build-ios	Install MAUI workload	2026-02-06T08:20:42.4756760Z Writing workload pack installation record for Microsoft.iOS.Runtime.ios.net10.0_26.2 version 26.2.10191...
build-ios	Install MAUI workload	2026-02-06T08:20:42.4764980Z Installing pack Microsoft.NETCore.App.Runtime.Mono.maccatalyst-arm64 version 10.0.2...
build-ios	Install MAUI workload	2026-02-06T08:20:42.8670250Z Writing workload pack installation record for Microsoft.NETCore.App.Runtime.Mono.maccatalyst-arm64 version 10.0.2...
build-ios	Install MAUI workload	2026-02-06T08:20:42.8672340Z Installing pack Microsoft.iOS.Runtime.iossimulator-x64.net10.0_26.2 version 26.2.10191...
build-ios	Install MAUI workload	2026-02-06T08:20:42.9454110Z Writing workload pack installation record for Microsoft.iOS.Runtime.iossimulator-x64.net10.0_26.2 version 26.2.10191...
build-ios	Install MAUI workload	2026-02-06T08:20:42.9459150Z Installing pack Microsoft.NETCore.App.Runtime.Mono.maccatalyst-x64 version 10.0.2...
build-ios	Install MAUI workload	2026-02-06T08:20:43.4247440Z Writing workload pack installation record for Microsoft.NETCore.App.Runtime.Mono.maccatalyst-x64 version 10.0.2...
build-ios	Install MAUI workload	2026-02-06T08:20:43.4251600Z Installing pack Microsoft.iOS.Runtime.iossimulator-arm64.net10.0_26.2 version 26.2.10191...
build-ios	Install MAUI workload	2026-02-06T08:20:43.5037070Z Writing workload pack installation record for Microsoft.iOS.Runtime.iossimulator-arm64.net10.0_26.2 version 26.2.10191...
build-ios	Install MAUI workload	2026-02-06T08:20:43.5038370Z Installing pack Microsoft.NETCore.App.Runtime.AOT.osx-arm64.Cross.maccatalyst-arm64 version 9.0.12...
build-ios	Install MAUI workload	2026-02-06T08:20:44.4502100Z Writing workload pack installation record for Microsoft.NETCore.App.Runtime.AOT.osx-arm64.Cross.maccatalyst-arm64 version 9.0.12...
build-ios	Install MAUI workload	2026-02-06T08:20:44.4601640Z Installing pack Microsoft.iOS.Runtime.ios-arm64.net10.0_26.2 version 26.2.10191...
build-ios	Install MAUI workload	2026-02-06T08:20:44.5213510Z Writing workload pack installation record for Microsoft.iOS.Runtime.ios-arm64.net10.0_26.2 version 26.2.10191...
build-ios	Install MAUI workload	2026-02-06T08:20:44.5329150Z Installing pack Microsoft.NETCore.App.Runtime.AOT.osx-arm64.Cross.maccatalyst-x64 version 9.0.12...
build-ios	Install MAUI workload	2026-02-06T08:20:45.7355170Z Writing workload pack installation record for Microsoft.NETCore.App.Runtime.AOT.osx-arm64.Cross.maccatalyst-x64 version 9.0.12...
build-ios	Install MAUI workload	2026-02-06T08:20:45.7460430Z Installing pack Microsoft.iOS.Templates version 26.2.10191...
build-ios	Install MAUI workload	2026-02-06T08:20:45.7559400Z Writing workload pack installation record for Microsoft.iOS.Templates version 26.2.10191...
build-ios	Install MAUI workload	2026-02-06T08:20:45.7665670Z Installing pack Microsoft.NETCore.App.Runtime.Mono.maccatalyst-arm64 version 9.0.12...
build-ios	Install MAUI workload	2026-02-06T08:20:46.2565480Z Writing workload pack installation record for Microsoft.NETCore.App.Runtime.Mono.maccatalyst-arm64 version 9.0.12...
build-ios	Install MAUI workload	2026-02-06T08:20:46.2571870Z Installing pack Microsoft.NETCore.App.Runtime.AOT.osx-arm64.Cross.ios-arm64 version 10.0.2...
build-ios	Install MAUI workload	2026-02-06T08:20:47.4155630Z Writing workload pack installation record for Microsoft.NETCore.App.Runtime.AOT.osx-arm64.Cross.ios-arm64 version 10.0.2...
build-ios	Install MAUI workload	2026-02-06T08:20:47.4259880Z Installing pack Microsoft.NETCore.App.Runtime.Mono.maccatalyst-x64 version 9.0.12...
build-ios	Install MAUI workload	2026-02-06T08:20:48.0226450Z Writing workload pack installation record for Microsoft.NETCore.App.Runtime.Mono.maccatalyst-x64 version 9.0.12...
build-ios	Install MAUI workload	2026-02-06T08:20:48.2024330Z Garbage collecting for SDK feature band(s) 8.0.100 8.0.200 8.0.300 8.0.400 9.0.100 9.0.200 9.0.300 10.0.100...
build-ios	Install MAUI workload	2026-02-06T08:20:48.2223480Z 
build-ios	Install MAUI workload	2026-02-06T08:20:48.2324920Z Successfully installed workload(s) maui.
build-ios	Install MAUI workload	2026-02-06T08:20:48.2427350Z 
build-ios	Restore dependencies	∩╗┐2026-02-06T08:20:48.6653070Z ##[group]Run dotnet restore src/Evident.MatterDocket.MAUI/Evident.MatterDocket.MAUI.csproj
build-ios	Restore dependencies	2026-02-06T08:20:48.6661670Z [36;1mdotnet restore src/Evident.MatterDocket.MAUI/Evident.MatterDocket.MAUI.csproj[0m
build-ios	Restore dependencies	2026-02-06T08:20:48.7481290Z shell: /bin/bash -e {0}
build-ios	Restore dependencies	2026-02-06T08:20:48.7481660Z env:
build-ios	Restore dependencies	2026-02-06T08:20:48.7481940Z   DOTNET_ROOT: /Users/runner/.dotnet
build-ios	Restore dependencies	2026-02-06T08:20:48.7482220Z ##[endgroup]
build-ios	Restore dependencies	2026-02-06T08:20:50.5461630Z   Determining projects to restore...
build-ios	Restore dependencies	2026-02-06T08:20:51.9661070Z /Users/runner/work/Evident/Evident/src/Evident.MatterDocket.MAUI/Evident.MatterDocket.MAUI.csproj : warning NU1510: PackageReference System.Text.Json will not be pruned. Consider removing this package from your dependencies, as it is likely unnecessary.
build-ios	Restore dependencies	2026-02-06T08:20:52.0903670Z   Restored /Users/runner/work/Evident/Evident/src/Evident.Shared/Evident.Shared.csproj (in 126 ms).
build-ios	Restore dependencies	2026-02-06T08:20:58.4374220Z   Restored /Users/runner/work/Evident/Evident/src/Evident.MatterDocket.MAUI/Evident.MatterDocket.MAUI.csproj (in 6.46 sec).
build-ios	Build iOS app (Development)	∩╗┐2026-02-06T08:20:58.5700080Z ##[group]Run dotnet build src/Evident.MatterDocket.MAUI/Evident.MatterDocket.MAUI.csproj \
build-ios	Build iOS app (Development)	2026-02-06T08:20:58.5700820Z [36;1mdotnet build src/Evident.MatterDocket.MAUI/Evident.MatterDocket.MAUI.csproj \[0m
build-ios	Build iOS app (Development)	2026-02-06T08:20:58.5701370Z [36;1m  -f net10.0-ios \[0m
build-ios	Build iOS app (Development)	2026-02-06T08:20:58.5701620Z [36;1m  -c Debug \[0m
build-ios	Build iOS app (Development)	2026-02-06T08:20:58.5701960Z [36;1m  /p:RuntimeIdentifier=ios-arm64 \[0m
build-ios	Build iOS app (Development)	2026-02-06T08:20:58.5702370Z [36;1m  /p:BuildIpa=true[0m
build-ios	Build iOS app (Development)	2026-02-06T08:20:58.5774050Z shell: /bin/bash -e {0}
build-ios	Build iOS app (Development)	2026-02-06T08:20:58.5774470Z env:
build-ios	Build iOS app (Development)	2026-02-06T08:20:58.5774690Z   DOTNET_ROOT: /Users/runner/.dotnet
build-ios	Build iOS app (Development)	2026-02-06T08:20:58.5775020Z ##[endgroup]
build-ios	Build iOS app (Development)	2026-02-06T08:21:00.0365950Z   Determining projects to restore...
build-ios	Build iOS app (Development)	2026-02-06T08:21:01.2387590Z /Users/runner/work/Evident/Evident/src/Evident.MatterDocket.MAUI/Evident.MatterDocket.MAUI.csproj : warning NU1510: PackageReference System.Text.Json will not be pruned. Consider removing this package from your dependencies, as it is likely unnecessary.
build-ios	Build iOS app (Development)	2026-02-06T08:21:01.3162080Z   Restored /Users/runner/work/Evident/Evident/src/Evident.Shared/Evident.Shared.csproj (in 137 ms).
build-ios	Build iOS app (Development)	2026-02-06T08:21:01.7370960Z   Restored /Users/runner/work/Evident/Evident/src/Evident.MatterDocket.MAUI/Evident.MatterDocket.MAUI.csproj (in 549 ms).
build-ios	Build iOS app (Development)	2026-02-06T08:21:02.2819260Z /Users/runner/work/Evident/Evident/src/Evident.MatterDocket.MAUI/Evident.MatterDocket.MAUI.csproj : warning NU1510: PackageReference System.Text.Json will not be pruned. Consider removing this package from your dependencies, as it is likely unnecessary. [TargetFramework=net10.0-ios]
build-ios	Build iOS app (Development)	2026-02-06T08:21:07.8546460Z   Evident.Shared -> /Users/runner/work/Evident/Evident/src/Evident.Shared/bin/Debug/net9.0/Evident.Shared.dll
build-ios	Build iOS app (Development)	2026-02-06T08:21:08.5230560Z /Users/runner/.dotnet/packs/Microsoft.iOS.Sdk.net10.0_26.2/26.2.10191/targets/Xamarin.Shared.Sdk.targets(2370,3): error : This version of .NET for iOS (26.2.10191) requires Xcode 26.2. The current version of Xcode is 16.4. Either install Xcode 26.2, or use a different version of .NET for iOS. See https://aka.ms/xcode-requirement for more information. [/Users/runner/work/Evident/Evident/src/Evident.MatterDocket.MAUI/Evident.MatterDocket.MAUI.csproj::TargetFramework=net10.0-ios]
build-ios	Build iOS app (Development)	2026-02-06T08:21:08.5445990Z 
build-ios	Build iOS app (Development)	2026-02-06T08:21:08.5547130Z Build FAILED.
build-ios	Build iOS app (Development)	2026-02-06T08:21:08.5576800Z 
build-ios	Build iOS app (Development)	2026-02-06T08:21:08.5628470Z /Users/runner/work/Evident/Evident/src/Evident.MatterDocket.MAUI/Evident.MatterDocket.MAUI.csproj : warning NU1510: PackageReference System.Text.Json will not be pruned. Consider removing this package from your dependencies, as it is likely unnecessary. [TargetFramework=net10.0-ios]
build-ios	Build iOS app (Development)	2026-02-06T08:21:08.5681040Z /Users/runner/.dotnet/packs/Microsoft.iOS.Sdk.net10.0_26.2/26.2.10191/targets/Xamarin.Shared.Sdk.targets(2370,3): error : This version of .NET for iOS (26.2.10191) requires Xcode 26.2. The current version of Xcode is 16.4. Either install Xcode 26.2, or use a different version of .NET for iOS. See https://aka.ms/xcode-requirement for more information. [/Users/runner/work/Evident/Evident/src/Evident.MatterDocket.MAUI/Evident.MatterDocket.MAUI.csproj::TargetFramework=net10.0-ios]
build-ios	Build iOS app (Development)	2026-02-06T08:21:08.5844230Z     1 Warning(s)
build-ios	Build iOS app (Development)	2026-02-06T08:21:08.5932630Z     1 Error(s)
build-ios	Build iOS app (Development)	2026-02-06T08:21:08.5933090Z 
build-ios	Build iOS app (Development)	2026-02-06T08:21:08.5933380Z Time Elapsed 00:00:06.76
build-ios	Build iOS app (Development)	2026-02-06T08:21:08.5958200Z ##[error]Process completed with exit code 1.
build-ios	Post Run actions/checkout@v4	∩╗┐2026-02-06T08:21:08.6757840Z Post job cleanup.
build-ios	Post Run actions/checkout@v4	2026-02-06T08:21:09.1635800Z [command]/opt/homebrew/bin/git version
build-ios	Post Run actions/checkout@v4	2026-02-06T08:21:09.2493480Z git version 2.52.0
build-ios	Post Run actions/checkout@v4	2026-02-06T08:21:09.2553190Z Copying '/Users/runner/.gitconfig' to '/Users/runner/work/_temp/8fdfa62a-d14c-4317-8cb9-6e38e100030c/.gitconfig'
build-ios	Post Run actions/checkout@v4	2026-02-06T08:21:09.2577980Z Temporarily overriding HOME='/Users/runner/work/_temp/8fdfa62a-d14c-4317-8cb9-6e38e100030c' before making global git config changes
build-ios	Post Run actions/checkout@v4	2026-02-06T08:21:09.2578830Z Adding repository directory to the temporary git global config as a safe directory
build-ios	Post Run actions/checkout@v4	2026-02-06T08:21:09.2589050Z [command]/opt/homebrew/bin/git config --global --add safe.directory /Users/runner/work/Evident/Evident
build-ios	Post Run actions/checkout@v4	2026-02-06T08:21:09.2763910Z [command]/opt/homebrew/bin/git config --local --name-only --get-regexp core\.sshCommand
build-ios	Post Run actions/checkout@v4	2026-02-06T08:21:09.2889300Z [command]/opt/homebrew/bin/git submodule foreach --recursive sh -c "git config --local --name-only --get-regexp 'core\.sshCommand' && git config --local --unset-all 'core.sshCommand' || :"
build-ios	Post Run actions/checkout@v4	2026-02-06T08:21:09.5295950Z [command]/opt/homebrew/bin/git config --local --name-only --get-regexp http\.https\:\/\/github\.com\/\.extraheader
build-ios	Post Run actions/checkout@v4	2026-02-06T08:21:09.5413070Z http.https://github.com/.extraheader
build-ios	Post Run actions/checkout@v4	2026-02-06T08:21:09.5426830Z [command]/opt/homebrew/bin/git config --local --unset-all http.https://github.com/.extraheader
build-ios	Post Run actions/checkout@v4	2026-02-06T08:21:09.5535750Z [command]/opt/homebrew/bin/git submodule foreach --recursive sh -c "git config --local --name-only --get-regexp 'http\.https\:\/\/github\.com\/\.extraheader' && git config --local --unset-all 'http.https://github.com/.extraheader' || :"
build-ios	Post Run actions/checkout@v4	2026-02-06T08:21:09.7346680Z [command]/opt/homebrew/bin/git config --local --name-only --get-regexp ^includeIf\.gitdir:
build-ios	Post Run actions/checkout@v4	2026-02-06T08:21:09.7358620Z [command]/opt/homebrew/bin/git submodule foreach --recursive git config --local --show-origin --name-only --get-regexp remote.origin.url
build-ios	Complete job	∩╗┐2026-02-06T08:21:09.9362610Z Cleaning up orphan processes
build-ios	Complete job	2026-02-06T08:21:10.3268150Z Terminate orphan process: pid (2663) (VBCSCompiler)
